<?xml version="1.0" encoding="UTF-8"?>
<TestRun id="3c005516-15d3-4b6b-8b08-9c9131f9aa49" name="chen@CHEN-5DA849B0B8 2014-11-16 12:31:45" runUser="CHEN-5DA849B0B8\chen" xmlns="http://microsoft.com/schemas/VisualStudio/TeamTest/2010">
  <TestSettings name="Local" id="d194b7bf-bc73-4ba2-8ebd-41fefb5e2ee6">
    <Description>These are default test settings for a local test run.</Description>
    <Deployment enabled="false" runDeploymentRoot="chen_CHEN-5DA849B0B8 2014-11-16 12_31_45" />
    <Execution>
      <TestTypeSpecific />
      <AgentRule name="Execution Agents">
      </AgentRule>
    </Execution>
  </TestSettings>
  <Times creation="2014-11-16T12:31:45.8185975+02:00" queuing="2014-11-16T12:31:45.8286119+02:00" start="2014-11-16T12:31:46.1490727+02:00" finish="2014-11-16T12:31:46.8200375+02:00" />
  <ResultSummary outcome="Failed">
    <Counters total="5" executed="5" passed="3" error="0" failed="2" timeout="0" aborted="0" inconclusive="0" passedButRunAborted="0" notRunnable="0" notExecuted="0" disconnected="0" warning="0" completed="0" inProgress="0" pending="0" />
  </ResultSummary>
  <TestDefinitions>
    <UnitTest name="TestMethod2" storage="c:\documents and settings\chen\my documents\visual studio 2010\projects\testproject1\testproject1\bin\debug\testproject1.dll" id="9381223e-8095-9777-a0c7-26043045171c">
      <Execution id="2bf79462-cb5d-4594-8d11-f059d3f71a99" />
      <TestMethod codeBase="C:/Documents and Settings/chen/My Documents/Visual Studio 2010/Projects/TestProject1/TestProject1/bin/Debug/TestProject1.DLL" adapterTypeName="Microsoft.VisualStudio.TestTools.TestTypes.Unit.UnitTestAdapter, Microsoft.VisualStudio.QualityTools.Tips.UnitTest.Adapter, Version=10.0.0.0, Culture=neutral, PublicKeyToken=b03f5f7f11d50a3a" className="TestProject1.UnitTest1, TestProject1, Version=1.0.0.0, Culture=neutral, PublicKeyToken=null" name="TestMethod2" />
    </UnitTest>
    <UnitTest name="TestMethod0" storage="c:\documents and settings\chen\my documents\visual studio 2010\projects\testproject1\testproject1\bin\debug\testproject1.dll" id="d003f351-33b2-6971-36cb-56aa02a270d9">
      <Execution id="50c4c5e4-fc72-4449-83c0-3e2027460b13" />
      <TestMethod codeBase="C:/Documents and Settings/chen/My Documents/Visual Studio 2010/Projects/TestProject1/TestProject1/bin/Debug/TestProject1.DLL" adapterTypeName="Microsoft.VisualStudio.TestTools.TestTypes.Unit.UnitTestAdapter, Microsoft.VisualStudio.QualityTools.Tips.UnitTest.Adapter, Version=10.0.0.0, Culture=neutral, PublicKeyToken=b03f5f7f11d50a3a" className="TestProject1.UnitTest1, TestProject1, Version=1.0.0.0, Culture=neutral, PublicKeyToken=null" name="TestMethod0" />
    </UnitTest>
    <UnitTest name="TestMethod1" storage="c:\documents and settings\chen\my documents\visual studio 2010\projects\testproject1\testproject1\bin\debug\testproject1.dll" id="59863143-3238-122e-4d8a-637b491cc755">
      <Execution id="4a916421-6965-4e30-a04e-de4c887c9456" />
      <TestMethod codeBase="C:/Documents and Settings/chen/My Documents/Visual Studio 2010/Projects/TestProject1/TestProject1/bin/Debug/TestProject1.DLL" adapterTypeName="Microsoft.VisualStudio.TestTools.TestTypes.Unit.UnitTestAdapter, Microsoft.VisualStudio.QualityTools.Tips.UnitTest.Adapter, Version=10.0.0.0, Culture=neutral, PublicKeyToken=b03f5f7f11d50a3a" className="TestProject1.UnitTest1, TestProject1, Version=1.0.0.0, Culture=neutral, PublicKeyToken=null" name="TestMethod1" />
    </UnitTest>
    <UnitTest name="TestMethod4" storage="c:\documents and settings\chen\my documents\visual studio 2010\projects\testproject1\testproject1\bin\debug\testproject1.dll" id="9df1d9aa-a8c0-dfd7-97f4-25855e430801">
      <Execution id="2b7ebeb7-b3c7-4165-ba9e-a624fc67d42a" />
      <TestMethod codeBase="C:/Documents and Settings/chen/My Documents/Visual Studio 2010/Projects/TestProject1/TestProject1/bin/Debug/TestProject1.DLL" adapterTypeName="Microsoft.VisualStudio.TestTools.TestTypes.Unit.UnitTestAdapter, Microsoft.VisualStudio.QualityTools.Tips.UnitTest.Adapter, Version=10.0.0.0, Culture=neutral, PublicKeyToken=b03f5f7f11d50a3a" className="TestProject1.UnitTest1, TestProject1, Version=1.0.0.0, Culture=neutral, PublicKeyToken=null" name="TestMethod4" />
    </UnitTest>
    <UnitTest name="TestMethod3" storage="c:\documents and settings\chen\my documents\visual studio 2010\projects\testproject1\testproject1\bin\debug\testproject1.dll" id="778ac384-f4ff-6a8c-7e52-50f4693efe57">
      <Execution id="7ba675a3-4aef-4abf-b5c0-7a22d8bda75a" />
      <TestMethod codeBase="C:/Documents and Settings/chen/My Documents/Visual Studio 2010/Projects/TestProject1/TestProject1/bin/Debug/TestProject1.DLL" adapterTypeName="Microsoft.VisualStudio.TestTools.TestTypes.Unit.UnitTestAdapter, Microsoft.VisualStudio.QualityTools.Tips.UnitTest.Adapter, Version=10.0.0.0, Culture=neutral, PublicKeyToken=b03f5f7f11d50a3a" className="TestProject1.UnitTest1, TestProject1, Version=1.0.0.0, Culture=neutral, PublicKeyToken=null" name="TestMethod3" />
    </UnitTest>
  </TestDefinitions>
  <TestLists>
    <TestList name="Results Not in a List" id="8c84fa94-04c1-424b-9868-57a2d4851a1d" />
    <TestList name="All Loaded Results" id="19431567-8539-422a-85d7-44ee4e166bda" />
  </TestLists>
  <TestEntries>
    <TestEntry testId="d003f351-33b2-6971-36cb-56aa02a270d9" executionId="50c4c5e4-fc72-4449-83c0-3e2027460b13" testListId="8c84fa94-04c1-424b-9868-57a2d4851a1d" />
    <TestEntry testId="59863143-3238-122e-4d8a-637b491cc755" executionId="4a916421-6965-4e30-a04e-de4c887c9456" testListId="8c84fa94-04c1-424b-9868-57a2d4851a1d" />
    <TestEntry testId="9381223e-8095-9777-a0c7-26043045171c" executionId="2bf79462-cb5d-4594-8d11-f059d3f71a99" testListId="8c84fa94-04c1-424b-9868-57a2d4851a1d" />
    <TestEntry testId="778ac384-f4ff-6a8c-7e52-50f4693efe57" executionId="7ba675a3-4aef-4abf-b5c0-7a22d8bda75a" testListId="8c84fa94-04c1-424b-9868-57a2d4851a1d" />
    <TestEntry testId="9df1d9aa-a8c0-dfd7-97f4-25855e430801" executionId="2b7ebeb7-b3c7-4165-ba9e-a624fc67d42a" testListId="8c84fa94-04c1-424b-9868-57a2d4851a1d" />
  </TestEntries>
  <Results>
    <UnitTestResult executionId="50c4c5e4-fc72-4449-83c0-3e2027460b13" testId="d003f351-33b2-6971-36cb-56aa02a270d9" testName="TestMethod0" computerName="CHEN-5DA849B0B8" duration="00:00:00.0459692" startTime="2014-11-16T12:31:46.2291879+02:00" endTime="2014-11-16T12:31:46.6197495+02:00" testType="13cdc9d9-ddb5-4fa4-a97d-d965ccfc6d4b" outcome="Failed" testListId="8c84fa94-04c1-424b-9868-57a2d4851a1d" relativeResultsDirectory="50c4c5e4-fc72-4449-83c0-3e2027460b13">
      <Output>
        <ErrorInfo>
          <Message>Assert.IsTrue failed. Run 1</Message>
          <StackTrace>   at TestProject1.UnitTest1.TestMethod0() in C:\Documents and Settings\chen\My Documents\Visual Studio 2010\Projects\TestProject1\TestProject1\UnitTest1.cs:line 23
</StackTrace>
        </ErrorInfo>
      </Output>
    </UnitTestResult>
    <UnitTestResult executionId="4a916421-6965-4e30-a04e-de4c887c9456" testId="59863143-3238-122e-4d8a-637b491cc755" testName="TestMethod1" computerName="CHEN-5DA849B0B8" duration="00:00:00.0035311" startTime="2014-11-16T12:31:46.6297639+02:00" endTime="2014-11-16T12:31:46.6397783+02:00" testType="13cdc9d9-ddb5-4fa4-a97d-d965ccfc6d4b" outcome="Passed" testListId="8c84fa94-04c1-424b-9868-57a2d4851a1d" relativeResultsDirectory="4a916421-6965-4e30-a04e-de4c887c9456">
    </UnitTestResult>
    <UnitTestResult executionId="2bf79462-cb5d-4594-8d11-f059d3f71a99" testId="9381223e-8095-9777-a0c7-26043045171c" testName="TestMethod2" computerName="CHEN-5DA849B0B8" duration="00:00:00.0026028" startTime="2014-11-16T12:31:46.6397783+02:00" endTime="2014-11-16T12:31:46.6497927+02:00" testType="13cdc9d9-ddb5-4fa4-a97d-d965ccfc6d4b" outcome="Failed" testListId="8c84fa94-04c1-424b-9868-57a2d4851a1d" relativeResultsDirectory="2bf79462-cb5d-4594-8d11-f059d3f71a99">
      <Output>
        <ErrorInfo>
          <Message>Assert.IsTrue failed. Run 1</Message>
          <StackTrace>   at TestProject1.UnitTest1.TestMethod2() in C:\Documents and Settings\chen\My Documents\Visual Studio 2010\Projects\TestProject1\TestProject1\UnitTest1.cs:line 35
</StackTrace>
        </ErrorInfo>
      </Output>
    </UnitTestResult>
    <UnitTestResult executionId="7ba675a3-4aef-4abf-b5c0-7a22d8bda75a" testId="778ac384-f4ff-6a8c-7e52-50f4693efe57" testName="TestMethod3" computerName="CHEN-5DA849B0B8" duration="00:00:00.0006805" startTime="2014-11-16T12:31:46.6497927+02:00" endTime="2014-11-16T12:31:46.6698215+02:00" testType="13cdc9d9-ddb5-4fa4-a97d-d965ccfc6d4b" outcome="Passed" testListId="8c84fa94-04c1-424b-9868-57a2d4851a1d" relativeResultsDirectory="7ba675a3-4aef-4abf-b5c0-7a22d8bda75a">
    </UnitTestResult>
    <UnitTestResult executionId="2b7ebeb7-b3c7-4165-ba9e-a624fc67d42a" testId="9df1d9aa-a8c0-dfd7-97f4-25855e430801" testName="TestMethod4" computerName="CHEN-5DA849B0B8" duration="00:00:00.0004000" startTime="2014-11-16T12:31:46.6698215+02:00" endTime="2014-11-16T12:31:46.6798359+02:00" testType="13cdc9d9-ddb5-4fa4-a97d-d965ccfc6d4b" outcome="Passed" testListId="8c84fa94-04c1-424b-9868-57a2d4851a1d" relativeResultsDirectory="2b7ebeb7-b3c7-4165-ba9e-a624fc67d42a">
    </UnitTestResult>
  </Results>
</TestRun>